Test output
